

times in msec
 clock   self+sourced   self:  sourced script
 clock   elapsed:              other lines

000.017  000.017: --- NVIM STARTING ---
000.150  000.133: event init
000.290  000.140: early init
000.371  000.080: locale set
000.451  000.080: init first window
000.879  000.428: inits 1
000.905  000.026: window checked
000.988  000.084: parsing arguments
001.729  000.080  000.080: require('vim.shared')
001.903  000.067  000.067: require('vim._meta')
001.906  000.173  000.106: require('vim._editor')
001.909  000.329  000.075: require('vim._init_packages')
001.913  000.596: init lua interpreter
002.016  000.104: expanding arguments
002.073  000.056: inits 2
002.525  000.453: init highlight
002.528  000.003: waiting for UI
002.911  000.383: done waiting for UI
002.928  000.016: clear screen
003.117  000.189: init default mappings & autocommands
003.666  000.053  000.053: sourcing /usr/local/share/nvim/runtime/ftplugin.vim
003.729  000.029  000.029: sourcing /usr/local/share/nvim/runtime/indent.vim
003.920  000.050  000.050: require('user.settings')
003.996  000.040  000.040: require('user.builtinPlugins')
004.018  000.095  000.056: require('core.disableBuiltinPlugins')
004.122  000.101  000.101: require('user.options')
004.282  000.145  000.145: require('core.bootstrap')
004.933  000.061  000.061: require('core.utils.lazyLoad')
005.010  000.060  000.060: require('ui.catppuccin')
005.082  000.056  000.056: require('editor.treesitter')
005.167  000.070  000.070: require('lsp.config')
005.228  000.055  000.055: require('lsp.mason')
005.340  000.099  000.099: require('completion.cmp')
005.409  000.054  000.054: require('ui.blankline')
005.482  000.062  000.062: require('ui.indentscope')
005.558  000.052  000.052: require('ui.heirline')
005.658  000.087  000.087: require('editor.leap')
005.713  000.053  000.053: require('editor.trailblazer')
005.774  000.050  000.050: require('editor.miniai')
005.879  000.095  000.095: require('tools.telescope')
005.951  000.070  000.070: require('tools.harpoon')
006.110  000.152  000.152: require('lazy')
006.168  000.035  000.035: require('ffi')
006.808  000.624  000.624: require('lazy.core.cache')
006.945  000.108  000.108: require('lazy.stats')
007.049  000.083  000.083: require('lazy.core.util')
007.129  000.078  000.078: require('lazy.core.config')
007.365  000.080  000.080: require('lazy.core.handler')
007.448  000.080  000.080: require('lazy.core.plugin')
007.454  000.323  000.163: require('lazy.core.loader')
008.675  000.117  000.117: require('lazy.core.handler.event')
008.680  000.221  000.104: require('lazy.core.handler.ft')
008.780  000.096  000.096: require('lazy.core.handler.keys')
008.901  000.117  000.117: require('lazy.core.handler.cmd')
009.393  000.256  000.256: sourcing /usr/local/share/nvim/runtime/filetype.lua
009.730  000.074  000.074: sourcing /usr/local/share/nvim/runtime/plugin/editorconfig.lua
009.778  000.013  000.013: sourcing /usr/local/share/nvim/runtime/plugin/health.vim
009.886  000.078  000.078: sourcing /usr/local/share/nvim/runtime/plugin/man.lua
010.096  000.175  000.175: sourcing /usr/local/share/nvim/runtime/plugin/matchparen.vim
010.262  000.130  000.130: sourcing /usr/local/share/nvim/runtime/plugin/nvim.lua
010.389  000.085  000.085: sourcing /usr/local/share/nvim/runtime/plugin/shada.vim
010.444  000.013  000.013: sourcing /usr/local/share/nvim/runtime/plugin/spellfile.vim
010.675  006.389  002.802: require('plugins')
010.927  000.250  000.250: require('user.settings.colorscheme')
012.524  000.881  000.881: require('catppuccin')
013.274  000.172  000.172: require('catppuccin.lib.hashing')
014.484  001.017  001.017: sourcing /home/async/.local/share/nvim/lazy/catppuccin/colors/catppuccin.vim
014.777  000.095  000.095: require('core.utils.icons.diagnostics')
015.038  000.005  000.005: require('vim.F')
015.089  000.285  000.280: require('vim.diagnostic')
015.094  000.574  000.194: require('core.setIcons')
015.097  011.286  001.611: require('core')
015.099  011.310  000.023: sourcing /home/async/.config/nvim/init.lua
015.107  000.599: sourcing vimrc file(s)
015.290  000.103  000.103: sourcing /usr/local/share/nvim/runtime/filetype.lua
015.523  000.092  000.092: sourcing /usr/local/share/nvim/runtime/syntax/synload.vim
015.611  000.250  000.158: sourcing /usr/local/share/nvim/runtime/syntax/syntax.vim
015.626  000.166: inits 3
018.208  002.581: reading ShaDa
020.079  000.181  000.181: require('lazy.util')
020.567  000.217  000.217: require('lazy.view.sections')
021.037  000.268  000.268: require('lazy.manage.semver')
021.117  000.076  000.076: require('lazy.manage.process')
021.123  000.552  000.208: require('lazy.manage.git')
021.237  000.113  000.113: require('lazy.view.config')
021.391  000.151  000.151: require('lazy.view.text')
021.401  001.318  000.286: require('lazy.view.render')
021.447  000.044  000.044: require('lazy.view.diff')
021.506  000.056  000.056: require('lazy.view.float')
021.512  001.770  000.170: require('lazy.view')
021.670  000.051  000.051: require('lazy.manage.task')
021.674  000.100  000.049: require('lazy.manage.runner')
021.678  000.165  000.065: require('lazy.manage')
021.683  002.125  000.191: require('lazy.view.commands')
022.257  000.049  000.049: require('nvim-treesitter.utils')
022.685  000.078  000.078: require('vim.treesitter.language')
022.773  000.084  000.084: require('vim.treesitter._range')
022.791  000.265  000.102: require('vim.treesitter.query')
022.962  000.168  000.168: require('vim.treesitter.languagetree')
023.033  000.598  000.165: require('vim.treesitter')
023.688  001.428  000.830: require('nvim-treesitter.parsers')
024.585  000.160  000.160: require('nvim-treesitter.ts_utils')
024.592  000.355  000.195: require('nvim-treesitter.tsrange')
024.658  000.063  000.063: require('nvim-treesitter.caching')
024.673  000.604  000.185: require('nvim-treesitter.query')
024.689  000.874  000.270: require('nvim-treesitter.configs')
024.692  001.000  000.126: require('nvim-treesitter.info')
024.756  000.062  000.062: require('nvim-treesitter.shell_command_selectors')
024.780  002.645  000.106: require('nvim-treesitter.install')
024.820  000.038  000.038: require('nvim-treesitter.statusline')
024.861  000.038  000.038: require('nvim-treesitter.query_predicates')
024.864  003.001  000.280: require('nvim-treesitter')
025.259  003.476  000.475: sourcing /home/async/.local/share/nvim/lazy/nvim-treesitter/plugin/nvim-treesitter.lua
025.790  000.049  000.049: require('nvim-treesitter.highlight')
026.821  000.041  000.041: require('mason-core.path')
026.938  000.068  000.068: require('mason-core.functional')
027.018  000.029  000.029: require('mason-core.functional.data')
027.023  000.071  000.042: require('mason-core.functional.function')
027.076  000.042  000.042: require('mason-core.functional.relation')
027.112  000.030  000.030: require('mason-core.functional.logic')
027.131  000.306  000.096: require('mason-core.platform')
027.174  000.041  000.041: require('mason.settings')
027.177  000.851  000.463: require('mason')
027.276  000.042  000.042: require('mason-core.functional.list')
027.312  000.033  000.033: require('mason-core.functional.string')
027.346  000.159  000.084: require('mason.api.command')
027.413  000.056  000.056: require('mason-registry.sources')
027.551  000.076  000.076: require('mason-core.log')
027.558  000.135  000.059: require('mason-lspconfig')
027.598  000.038  000.038: require('mason-lspconfig.settings')
027.718  000.051  000.051: require('mason-lspconfig.lspconfig_hook')
028.723  000.142  000.142: require('vim.lsp.log')
029.143  000.416  000.416: require('vim.lsp.protocol')
029.645  000.286  000.286: require('vim.lsp._snippet')
029.717  000.068  000.068: require('vim.highlight')
029.742  000.595  000.240: require('vim.lsp.util')
029.762  001.284  000.131: require('vim.lsp.handlers')
029.979  000.215  000.215: require('vim.lsp.rpc')
030.065  000.082  000.082: require('vim.lsp.sync')
030.216  000.148  000.148: require('vim.lsp.semantic_tokens')
030.424  000.204  000.204: require('vim.lsp.buf')
030.520  000.093  000.093: require('vim.lsp.diagnostic')
030.622  000.099  000.099: require('vim.lsp.codelens')
030.748  002.518  000.393: require('vim.lsp')
030.876  000.097  000.097: require('vim.version')
032.996  004.907  002.292: sourcing /home/async/.local/share/nvim/lazy/nvim-lspconfig/plugin/lspconfig.lua
033.213  000.144  000.144: require('neodev')
033.483  000.267  000.267: require('neodev.config')
033.833  000.134  000.134: require('neodev.util')
033.839  000.256  000.123: require('neodev.lsp')
034.242  000.401  000.401: require('lspconfig.util')
035.137  000.051  000.051: require('lspconfig.configs')
035.142  000.109  000.058: require('lspconfig')
035.192  000.047  000.047: require('lspconfig.server_configurations.lua_ls')
035.286  000.068  000.068: require('plugins.configs.lsp.servers.lua_ls')
036.311  008.590  002.391: require('lspconfig.util')
036.502  000.090  000.090: require('mason-core.functional.table')
036.568  000.253  000.163: require('mason-lspconfig.mappings.server')
036.657  000.035  000.035: require('mason-core.EventEmitter')
036.706  000.047  000.047: require('mason-core.optional')
036.795  000.047  000.047: require('mason-core.async')
036.828  000.030  000.030: require('mason-core.async.uv')
036.834  000.126  000.048: require('mason-core.fs')
036.850  000.280  000.072: require('mason-registry')
036.883  000.030  000.030: require('mason-lspconfig.server_config_extensions')
036.921  000.036  000.036: require('lspconfig.server_configurations.omnisharp')
037.025  000.030  000.030: require('mason-core.notify')
037.028  000.088  000.059: require('mason-lspconfig.ensure_installed')
037.156  000.036  000.036: require('mason-core.result')
037.200  000.118  000.082: require('mason-core.purl')
037.210  000.180  000.063: require('mason-core.package')
037.252  000.034  000.034: require('mason-registry.sources.lua')
037.365  000.110  000.110: require('mason-registry.index')
037.743  000.073  000.073: require('mason-core.process')
037.866  000.119  000.119: require('mason-core.spawn')
037.870  000.284  000.092: require('mason-core.managers.powershell')
037.872  000.321  000.037: require('mason-core.fetch')
037.925  000.051  000.051: require('mason-core.providers')
037.936  000.420  000.048: require('mason-core.managers.github.client')
038.137  000.062  000.062: require('mason-core.receipt')
038.158  000.152  000.090: require('mason-core.installer.context')
038.204  000.043  000.043: require('mason-core.async.control')
038.269  000.063  000.063: require('mason-core.installer.linker')
038.277  000.339  000.081: require('mason-core.installer')
038.360  000.082  000.082: require('mason-core.managers.std')
038.366  000.955  000.114: require('mason-core.managers.github')
038.419  000.043  000.043: require('mason-core.functional.type')
038.427  001.058  000.061: require('mason-registry.index.lua-language-server')
038.575  000.037  000.037: require('mason-core.functional.number')
038.603  000.133  000.095: require('mason-lspconfig.api.command')
039.953  001.265  001.265: require('vim.filetype')
040.920  000.102  000.102: sourcing /usr/local/share/nvim/runtime/ftplugin/lua.vim
041.709  000.045  000.045: sourcing /usr/local/share/nvim/runtime/indent/lua.vim
042.578  000.676  000.676: sourcing /usr/local/share/nvim/runtime/syntax/lua.vim
045.321  000.138  000.138: require('vim.treesitter.highlighter')
045.901  000.101  000.101: require('vim.fs')
046.284  000.076  000.076: require('neodev.luals')
049.766  000.266  000.266: require('vim.uri')
053.231  000.237  000.237: require('editorconfig')
053.498  014.649: opening buffers
053.501  000.003: BufEnter autocommands
053.513  000.012: editing files in windows
053.521  000.008: VimEnter autocommands
053.560  000.039: UIEnter autocommands
053.562  000.002: before starting main loop
055.900  002.337: first screen update
055.903  000.003: --- NVIM STARTED ---


times in msec
 clock   self+sourced   self:  sourced script
 clock   elapsed:              other lines

000.058  000.058: --- NVIM STARTING ---
000.627  000.569: event init
001.329  000.702: early init
001.592  000.263: locale set
001.680  000.088: init first window
002.316  000.635: inits 1
002.332  000.016: window checked
002.423  000.091: parsing arguments
003.310  000.116  000.116: require('vim.shared')
003.537  000.104  000.104: require('vim._meta')
003.541  000.222  000.118: require('vim._editor')
003.544  000.430  000.092: require('vim._init_packages')
003.551  000.698: init lua interpreter
004.325  000.774: expanding arguments
004.430  000.104: inits 2
004.948  000.519: init highlight
